<?xml version="1.0" encoding="UTF-8"?>
<testsuites name="jest tests" tests="2" failures="0" errors="0" time="6.91">
  <testsuite name="AppComponent" errors="0" failures="0" skipped="0" timestamp="2023-05-22T06:38:17" time="5.611" tests="1">
    <testcase classname="AppComponent should create the app" name="AppComponent should create the app" time="0.052">
    </testcase>
  </testsuite>
  <testsuite name="FileSizeToUnitPipe" errors="0" failures="0" skipped="0" timestamp="2023-05-22T06:38:23" time="0.51" tests="1">
    <testcase classname="FileSizeToUnitPipe creates an instance of File-Size-To-Unit Pipe" name="FileSizeToUnitPipe creates an instance of File-Size-To-Unit Pipe" time="0.003">
    </testcase>
  </testsuite>
</testsuites>